exports[`test Renders without props 1`] = `
<button>
  Button
</button>
`;
